// Jest Snapshot v1, https://goo.gl/fbAQLP

exports[`renders and matches snapshot 1`] = `
<span
  aria-label="A dog, a faithful, beloved pet canine"
  class="emoji"
  role="img"
>
  🐕
</span>
`;
